<html>
<body>
<pre>
<h1>礦ision Build Log</h1>
<h2>Tool Versions:</h2>
IDE-Version: μVision V5.14.0.0
Copyright (C) 2015 ARM Ltd and ARM Germany GmbH. All rights reserved.
License Information: 王 源儿er的电脑, 啦啦啦, LIC=D0D7S-LAATM-Y88FK-ZM448-X4RU2-AKSLI
 
Tool Versions:
Toolchain:       MDK-ARM Standard  Version: 5.14.0.0
Toolchain Path:  D:\Keil_v5\ARM\ARMCCA\Bin
C Compiler:      Armcc.exe V5.06 update 7 (build 960)
Assembler:       Armasm.exe V5.06 update 7 (build 960)
Linker/Locator:  ArmLink.exe V5.06 update 7 (build 960)
Library Manager: ArmAr.exe V5.06 update 7 (build 960)
Hex Converter:   FromElf.exe V5.06 update 7 (build 960)
CPU DLL:         SARMCM3.DLL V5.14.0.0
Dialog DLL:      DCM.DLL V1.13.1.0
Target DLL:      STLink\ST-LINKIII-KEIL_SWO.dll V2.0.14.0_KEIL
Dialog DLL:      TCM.DLL V1.14.4.0
 
<h2>Project:</h2>
d:\AAwty\YuyuanBei\YuyuanCup_Git\YuyuanBei_Blueteeth\MDK-ARM\YuyuanBei_Blueteeth.uvprojx
Project File Date:  03/31/2025

<h2>Output:</h2>
Build target 'YuyuanBei_Blueteeth'
compiling main.c...
../Core/Inc/blueteeth.h(10): warning:  #1295-D: Deprecated declaration BL_Receive - give arg types
  char *BL_Receive();
../Core/Inc/blueteeth.h(14): warning:  #1295-D: Deprecated declaration Connect - give arg types
  void Connect();
../Core/Inc/blueteeth.h(15): warning:  #1295-D: Deprecated declaration Sendmessage - give arg types
  void Sendmessage();
../Core/Src/main.c: 3 warnings, 0 errors
compiling blueteeth.c...
..\Core\Src\..\Inc\blueteeth.h(10): warning:  #1295-D: Deprecated declaration BL_Receive - give arg types
  char *BL_Receive();
..\Core\Src\..\Inc\blueteeth.h(14): warning:  #1295-D: Deprecated declaration Connect - give arg types
  void Connect();
..\Core\Src\..\Inc\blueteeth.h(15): warning:  #1295-D: Deprecated declaration Sendmessage - give arg types
  void Sendmessage();
..\Core\Src\blueteeth.c(132): warning:  #1-D: last line of file ends without a newline
  }
..\Core\Src\blueteeth.c: 4 warnings, 0 errors
linking...
Program Size: Code=3136 RO-data=312 RW-data=56 ZI-data=1632  
FromELF: creating hex file...
"YuyuanBei_Blueteeth\YuyuanBei_Blueteeth.axf" - 0 Error(s), 7 Warning(s).

<h2>Software Packages used:</h2>

Package Vendor: ARM
                http://www.keil.com/pack/ARM.CMSIS.4.2.0.pack
                ARM::CMSIS:CORE:3.40.0
                CMSIS (Cortex Microcontroller Software Interface Standard)
   * Component: CORE Version: 3.40.0

<h2>Collection of Component include folders:</h2>
  d:\AAwty\YuyuanBei\YuyuanCup_Git\YuyuanBei_Blueteeth\MDK-ARM\RTE
  D:\Keil_v5\ARM\PACK\ARM\CMSIS\4.2.0\CMSIS\Include
  D:\Keil_v5\ARM\PACK\Keil\STM32F1xx_DFP\2.4.1

<h2>Collection of Component Files used:</h2>

   * Component: ARM::CMSIS:CORE:3.40.0
      Source file:   CMSIS\UserCodeTemplates\ARM\ITM_Retarget.c
</pre>
</body>
</html>
